// Jest Snapshot v1, https://goo.gl/fbAQLP

exports[`should render editItem page correctly 1`] = `
<div>
  <h3>
    Edit your expense
  </h3>
  <Connect(AddExpenseForm)
    expense={
      Object {
        "amount": 2.75,
        "createdAt": "1970-01-01T00:00:00.000Z",
        "description": "coffee",
        "id": "1",
        "note": "decaff-rebuff",
      }
    }
    onSubmit={[Function]}
  />
  <button
    onClick={[Function]}
  >
    Remove
  </button>
</div>
`;
