// Jest Snapshot v1, https://goo.gl/fbAQLP

exports[`should render Help correctly 1`] = `
<div>
  <h3>
    no help's here
  </h3>
</div>
`;
