// Jest Snapshot v1, https://goo.gl/fbAQLP

exports[`should render NotFound correctly 1`] = `
<div>
  <h3>
    404! page not found
  </h3>
</div>
`;
